loading app switch/ble_switch_13.py
loading app ryu.controller.ofp_handler
instantiating app switch/ble_switch_13.py of BLEMeshSwitch13
OpenFlow扩展字段功能已启用
扩展字段序列化测试成功 (23 bytes)
扩展字段反序列化测试成功: {'sensor_type': 1, 'device_priority': 3, 'route_select': 1}
BLE Mesh Switch 13 初始化完成
instantiating app ryu.controller.ofp_handler of OFPHandler
流表下发成功 - 优先级:0, 超时:0s, 端口:4294967293
流表下发成功 - 优先级:0, 超时:0s, 端口:4294967293
交换机 1 默认流表安装完成
流表下发成功 - 优先级:0, 超时:0s, 端口:4294967293
流表下发成功 - 优先级:0, 超时:0s, 端口:4294967293
交换机 2 默认流表安装完成
收到数据包: 端口2 (86bytes)
收到数据包: 端口1 (90bytes)
收到数据包: 端口1 (86bytes)
收到数据包: 端口2 (90bytes)
收到数据包: 端口2 (90bytes)
收到数据包: 端口2 (70bytes)
收到数据包: 端口2 (90bytes)
收到数据包: 端口2 (107bytes)
收到数据包: 端口2 (230bytes)
收到数据包: 端口2 (90bytes)
收到数据包: 端口2 (230bytes)
收到数据包: 端口1 (90bytes)
收到数据包: 端口1 (70bytes)
收到数据包: 端口1 (90bytes)
收到数据包: 端口1 (107bytes)
收到数据包: 端口2 (230bytes)
收到数据包: 端口1 (230bytes)
收到数据包: 端口2 (110bytes)
收到数据包: 端口2 (218bytes)
收到数据包: 端口1 (230bytes)
收到数据包: 端口2 (107bytes)
收到数据包: 端口1 (230bytes)
收到数据包: 端口1 (90bytes)
收到数据包: 端口1 (110bytes)
收到数据包: 端口1 (218bytes)
收到数据包: 端口1 (107bytes)
收到数据包: 端口2 (218bytes)
收到数据包: 端口1 (218bytes)
收到数据包: 端口2 (107bytes)
收到数据包: 端口1 (107bytes)
收到数据包: 端口2 (70bytes)
收到数据包: 端口2 (218bytes)
收到数据包: 端口1 (70bytes)
收到数据包: 端口1 (218bytes)
收到数据包: 端口2 (107bytes)
收到数据包: 端口1 (107bytes)
收到数据包: 端口2 (70bytes)
收到数据包: 端口1 (70bytes)
收到数据包: 端口2 (107bytes)
收到数据包: 端口1 (107bytes)
收到数据包: 端口2 (70bytes)
收到数据包: 端口1 (70bytes)
收到数据包: 端口2 (107bytes)
收到数据包: 端口1 (107bytes)
收到数据包: 端口1 (70bytes)
收到数据包: 端口2 (70bytes)
收到数据包: 端口2 (107bytes)
收到数据包: 端口1 (107bytes)
流表下发成功 - 优先级:0, 超时:0s, 端口:4294967293
流表下发成功 - 优先级:0, 超时:0s, 端口:4294967293
交换机 1 默认流表安装完成
流表下发成功 - 优先级:0, 超时:0s, 端口:4294967293
流表下发成功 - 优先级:0, 超时:0s, 端口:4294967293
交换机 2 默认流表安装完成
收到数据包: 端口4294967294 (90bytes)
收到数据包: 端口4294967294 (54bytes)
收到数据包: 端口4294967294 (90bytes)
收到数据包: 端口4294967294 (54bytes)
收到数据包: 端口1 (90bytes)
收到数据包: 端口1 (54bytes)
收到数据包: 端口2 (90bytes)
收到数据包: 端口2 (54bytes)
收到数据包: 端口4294967294 (87bytes)
收到数据包: 端口4294967294 (87bytes)
收到数据包: 端口1 (87bytes)
收到数据包: 端口2 (87bytes)
收到数据包: 端口4294967294 (150bytes)
收到数据包: 端口4294967294 (150bytes)
收到数据包: 端口1 (150bytes)
收到数据包: 端口2 (150bytes)
收到数据包: 端口1 (86bytes)
收到数据包: 端口1 (86bytes)
收到数据包: 端口1 (90bytes)
收到数据包: 端口1 (90bytes)
收到数据包: 端口1 (86bytes)
收到数据包: 端口1 (90bytes)
收到数据包: 端口2 (90bytes)
收到数据包: 端口4294967294 (90bytes)
收到数据包: 端口1 (90bytes)
收到数据包: 端口4294967294 (54bytes)
收到数据包: 端口1 (54bytes)
收到数据包: 端口2 (86bytes)
收到数据包: 端口1 (90bytes)
收到数据包: 端口1 (90bytes)
收到数据包: 端口3 (86bytes)
收到数据包: 端口2 (86bytes)
收到数据包: 端口2 (110bytes)
收到数据包: 端口2 (110bytes)
收到数据包: 端口4294967294 (150bytes)
收到数据包: 端口4294967294 (150bytes)
收到数据包: 端口1 (150bytes)
收到数据包: 端口2 (150bytes)
收到数据包: 端口3 (90bytes)
收到数据包: 端口2 (90bytes)
收到数据包: 端口4294967294 (86bytes)
收到数据包: 端口1 (86bytes)
收到数据包: 端口4294967294 (150bytes)
收到数据包: 端口4294967294 (150bytes)
收到数据包: 端口2 (150bytes)
收到数据包: 端口1 (150bytes)
收到数据包: 端口4294967294 (90bytes)
收到数据包: 端口2 (90bytes)
收到数据包: 端口4294967294 (138bytes)
收到数据包: 端口4294967294 (138bytes)
收到数据包: 端口1 (138bytes)
收到数据包: 端口2 (138bytes)
收到数据包: 端口4294967294 (54bytes)
收到数据包: 端口2 (54bytes)
收到数据包: 端口4294967294 (86bytes)
收到数据包: 端口2 (90bytes)
收到数据包: 端口2 (86bytes)
收到数据包: 端口2 (90bytes)
收到数据包: 端口4294967294 (87bytes)
收到数据包: 端口4294967294 (87bytes)
收到数据包: 端口1 (87bytes)
收到数据包: 端口2 (87bytes)
收到数据包: 端口1 (90bytes)
收到数据包: 端口1 (70bytes)
收到数据包: 端口3 (90bytes)
收到数据包: 端口1 (90bytes)
收到数据包: 端口2 (90bytes)
收到数据包: 端口1 (107bytes)
收到数据包: 端口1 (230bytes)
收到数据包: 端口2 (90bytes)
收到数据包: 端口2 (70bytes)
收到数据包: 端口2 (90bytes)
收到数据包: 端口2 (110bytes)
收到数据包: 端口2 (107bytes)
收到数据包: 端口2 (230bytes)
收到数据包: 端口1 (90bytes)
收到数据包: 端口1 (230bytes)
收到数据包: 端口4294967294 (90bytes)
收到数据包: 端口4294967294 (70bytes)
收到数据包: 端口4294967294 (90bytes)
收到数据包: 端口1 (90bytes)
收到数据包: 端口1 (70bytes)
收到数据包: 端口1 (90bytes)
收到数据包: 端口4294967294 (107bytes)
收到数据包: 端口1 (107bytes)
收到数据包: 端口4294967294 (110bytes)
收到数据包: 端口2 (230bytes)
收到数据包: 端口1 (110bytes)
收到数据包: 端口4294967294 (230bytes)
收到数据包: 端口4294967294 (210bytes)
收到数据包: 端口4294967294 (100bytes)
收到数据包: 端口1 (230bytes)
收到数据包: 端口1 (210bytes)
收到数据包: 端口1 (100bytes)
收到数据包: 端口1 (230bytes)
收到数据包: 端口4294967294 (138bytes)
收到数据包: 端口4294967294 (122bytes)
收到数据包: 端口1 (122bytes)
收到数据包: 端口2 (138bytes)
收到数据包: 端口4294967294 (90bytes)
收到数据包: 端口4294967294 (70bytes)
收到数据包: 端口4294967294 (90bytes)
收到数据包: 端口2 (90bytes)
收到数据包: 端口2 (70bytes)
收到数据包: 端口2 (90bytes)
收到数据包: 端口2 (230bytes)
收到数据包: 端口4294967294 (230bytes)
收到数据包: 端口4294967294 (210bytes)
收到数据包: 端口1 (230bytes)
收到数据包: 端口1 (210bytes)
收到数据包: 端口2 (90bytes)
收到数据包: 端口4294967294 (107bytes)
收到数据包: 端口2 (107bytes)
收到数据包: 端口1 (218bytes)
收到数据包: 端口4294967294 (230bytes)
收到数据包: 端口4294967294 (210bytes)
收到数据包: 端口2 (230bytes)
收到数据包: 端口2 (210bytes)
收到数据包: 端口1 (110bytes)
收到数据包: 端口2 (218bytes)
收到数据包: 端口4294967294 (230bytes)
收到数据包: 端口4294967294 (210bytes)
收到数据包: 端口4294967294 (100bytes)
收到数据包: 端口1 (230bytes)
收到数据包: 端口1 (210bytes)
收到数据包: 端口1 (100bytes)
收到数据包: 端口4294967294 (230bytes)
收到数据包: 端口4294967294 (210bytes)
收到数据包: 端口2 (230bytes)
收到数据包: 端口2 (210bytes)
收到数据包: 端口1 (107bytes)
收到数据包: 端口4294967294 (198bytes)
收到数据包: 端口4294967294 (218bytes)
收到数据包: 端口1 (198bytes)
收到数据包: 端口1 (218bytes)
收到数据包: 端口2 (107bytes)
收到数据包: 端口4294967294 (90bytes)
收到数据包: 端口2 (90bytes)
收到数据包: 端口4294967294 (230bytes)
收到数据包: 端口4294967294 (210bytes)
收到数据包: 端口4294967294 (100bytes)
收到数据包: 端口2 (230bytes)
收到数据包: 端口2 (210bytes)
收到数据包: 端口2 (100bytes)
收到数据包: 端口4294967294 (110bytes)
收到数据包: 端口4294967294 (90bytes)
收到数据包: 端口2 (110bytes)
收到数据包: 端口1 (90bytes)
收到数据包: 端口4294967294 (107bytes)
收到数据包: 端口1 (107bytes)
收到数据包: 端口4294967294 (198bytes)
收到数据包: 端口4294967294 (218bytes)
收到数据包: 端口2 (198bytes)
收到数据包: 端口2 (218bytes)
收到数据包: 端口4294967294 (107bytes)
收到数据包: 端口2 (107bytes)
收到数据包: 端口4294967294 (87bytes)
收到数据包: 端口4294967294 (87bytes)
收到数据包: 端口1 (87bytes)
收到数据包: 端口1 (218bytes)
收到数据包: 端口2 (87bytes)
收到数据包: 端口2 (218bytes)
收到数据包: 端口4294967294 (198bytes)
收到数据包: 端口4294967294 (218bytes)
收到数据包: 端口1 (198bytes)
收到数据包: 端口1 (218bytes)
收到数据包: 端口4294967294 (198bytes)
收到数据包: 端口4294967294 (218bytes)
收到数据包: 端口2 (198bytes)
收到数据包: 端口2 (218bytes)
收到数据包: 端口4294967294 (138bytes)
收到数据包: 端口4294967294 (138bytes)
收到数据包: 端口1 (138bytes)
收到数据包: 端口2 (138bytes)
收到数据包: 端口1 (107bytes)
收到数据包: 端口2 (107bytes)
收到数据包: 端口4294967294 (107bytes)
收到数据包: 端口1 (107bytes)
收到数据包: 端口1 (70bytes)
收到数据包: 端口4294967294 (107bytes)
收到数据包: 端口2 (107bytes)
收到数据包: 端口1 (218bytes)
收到数据包: 端口2 (70bytes)
收到数据包: 端口4294967294 (70bytes)
收到数据包: 端口1 (70bytes)
收到数据包: 端口2 (218bytes)
收到数据包: 端口4294967294 (198bytes)
收到数据包: 端口4294967294 (218bytes)
收到数据包: 端口1 (198bytes)
收到数据包: 端口1 (218bytes)
收到数据包: 端口4294967294 (198bytes)
收到数据包: 端口4294967294 (218bytes)
收到数据包: 端口2 (198bytes)
收到数据包: 端口2 (218bytes)
收到数据包: 端口4294967294 (70bytes)
收到数据包: 端口2 (70bytes)
收到数据包: 端口4294967294 (87bytes)
收到数据包: 端口4294967294 (87bytes)
收到数据包: 端口2 (87bytes)
收到数据包: 端口1 (87bytes)
收到数据包: 端口1 (107bytes)
收到数据包: 端口2 (107bytes)
收到数据包: 端口4294967294 (107bytes)
收到数据包: 端口1 (107bytes)
收到数据包: 端口4294967294 (107bytes)
收到数据包: 端口2 (107bytes)
收到数据包: 端口4294967294 (70bytes)
收到数据包: 端口2 (70bytes)
收到数据包: 端口1 (70bytes)
收到数据包: 端口1 (70bytes)
收到数据包: 端口4294967294 (70bytes)
收到数据包: 端口2 (70bytes)
收到数据包: 端口4294967294 (87bytes)
收到数据包: 端口4294967294 (87bytes)
收到数据包: 端口1 (87bytes)
收到数据包: 端口2 (87bytes)
收到数据包: 端口1 (107bytes)
收到数据包: 端口2 (107bytes)
收到数据包: 端口4294967294 (107bytes)
收到数据包: 端口1 (107bytes)
收到数据包: 端口4294967294 (107bytes)
收到数据包: 端口2 (107bytes)
收到数据包: 端口2 (70bytes)
收到数据包: 端口4294967294 (70bytes)
收到数据包: 端口1 (70bytes)
收到数据包: 端口1 (70bytes)
收到数据包: 端口4294967294 (70bytes)
收到数据包: 端口2 (70bytes)
收到数据包: 端口4294967294 (87bytes)
收到数据包: 端口4294967294 (87bytes)
收到数据包: 端口1 (87bytes)
收到数据包: 端口2 (87bytes)
收到数据包: 端口1 (107bytes)
收到数据包: 端口2 (107bytes)
收到数据包: 端口4294967294 (107bytes)
收到数据包: 端口1 (107bytes)
收到数据包: 端口4294967294 (107bytes)
收到数据包: 端口2 (107bytes)
收到数据包: 端口2 (70bytes)
收到数据包: 端口1 (70bytes)
收到数据包: 端口4294967294 (70bytes)
收到数据包: 端口1 (70bytes)
流表下发成功 - 优先级:0, 超时:0s, 端口:4294967293
流表下发成功 - 优先级:0, 超时:0s, 端口:4294967293
交换机 1 默认流表安装完成
流表下发成功 - 优先级:0, 超时:0s, 端口:4294967293
流表下发成功 - 优先级:0, 超时:0s, 端口:4294967293
交换机 2 默认流表安装完成
收到数据包: 端口2 (110bytes)
收到数据包: 端口2 (110bytes)
收到数据包: 端口4294967294 (90bytes)
收到数据包: 端口4294967294 (54bytes)
收到数据包: 端口4294967294 (54bytes)
收到数据包: 端口4294967294 (90bytes)
收到数据包: 端口1 (90bytes)
收到数据包: 端口1 (54bytes)
收到数据包: 端口2 (54bytes)
收到数据包: 端口2 (90bytes)
收到数据包: 端口4294967294 (87bytes)
收到数据包: 端口4294967294 (87bytes)
收到数据包: 端口1 (87bytes)
收到数据包: 端口2 (87bytes)
收到数据包: 端口4294967294 (86bytes)
收到数据包: 端口2 (86bytes)
收到数据包: 端口2 (86bytes)
收到数据包: 端口2 (86bytes)
收到数据包: 端口1 (90bytes)
收到数据包: 端口1 (90bytes)
收到数据包: 端口2 (90bytes)
收到数据包: 端口4294967294 (150bytes)
收到数据包: 端口4294967294 (150bytes)
收到数据包: 端口1 (150bytes)
收到数据包: 端口2 (150bytes)
收到数据包: 端口4294967294 (90bytes)
收到数据包: 端口2 (90bytes)
收到数据包: 端口2 (90bytes)
收到数据包: 端口2 (90bytes)
收到数据包: 端口3 (110bytes)
收到数据包: 端口2 (110bytes)
收到数据包: 端口2 (86bytes)
收到数据包: 端口4294967294 (54bytes)
收到数据包: 端口2 (54bytes)
收到数据包: 端口4294967294 (90bytes)
收到数据包: 端口1 (90bytes)
收到数据包: 端口4294967294 (150bytes)
收到数据包: 端口4294967294 (150bytes)
收到数据包: 端口1 (150bytes)
收到数据包: 端口2 (150bytes)
收到数据包: 端口2 (90bytes)
收到数据包: 端口2 (90bytes)
收到数据包: 端口1 (90bytes)
收到数据包: 端口4294967294 (86bytes)
收到数据包: 端口1 (86bytes)
收到数据包: 端口4294967294 (150bytes)
收到数据包: 端口4294967294 (150bytes)
收到数据包: 端口1 (150bytes)
收到数据包: 端口2 (150bytes)
收到数据包: 端口1 (90bytes)
收到数据包: 端口1 (70bytes)
收到数据包: 端口1 (90bytes)
收到数据包: 端口4294967294 (138bytes)
收到数据包: 端口1 (138bytes)
收到数据包: 端口4294967294 (138bytes)
收到数据包: 端口2 (138bytes)
收到数据包: 端口4294967294 (54bytes)
收到数据包: 端口1 (54bytes)
收到数据包: 端口1 (107bytes)
收到数据包: 端口4294967294 (87bytes)
收到数据包: 端口4294967294 (87bytes)
收到数据包: 端口1 (87bytes)
收到数据包: 端口2 (87bytes)
收到数据包: 端口1 (90bytes)
收到数据包: 端口1 (90bytes)
收到数据包: 端口4294967294 (90bytes)
收到数据包: 端口4294967294 (70bytes)
收到数据包: 端口2 (90bytes)
收到数据包: 端口2 (70bytes)
收到数据包: 端口4294967294 (90bytes)
收到数据包: 端口2 (90bytes)
收到数据包: 端口1 (230bytes)
收到数据包: 端口1 (90bytes)
收到数据包: 端口4294967294 (107bytes)
收到数据包: 端口2 (107bytes)
收到数据包: 端口3 (90bytes)
收到数据包: 端口2 (90bytes)
收到数据包: 端口2 (90bytes)
收到数据包: 端口2 (70bytes)
收到数据包: 端口2 (90bytes)
收到数据包: 端口1 (230bytes)
收到数据包: 端口4294967294 (230bytes)
收到数据包: 端口4294967294 (210bytes)
收到数据包: 端口4294967294 (100bytes)
收到数据包: 端口2 (230bytes)
收到数据包: 端口2 (210bytes)
收到数据包: 端口2 (100bytes)
收到数据包: 端口2 (107bytes)
收到数据包: 端口1 (110bytes)
收到数据包: 端口4294967294 (90bytes)
收到数据包: 端口4294967294 (70bytes)
收到数据包: 端口4294967294 (90bytes)
收到数据包: 端口1 (90bytes)
收到数据包: 端口1 (70bytes)
收到数据包: 端口1 (90bytes)
收到数据包: 端口1 (230bytes)
收到数据包: 端口4294967294 (230bytes)
收到数据包: 端口4294967294 (210bytes)
收到数据包: 端口2 (230bytes)
收到数据包: 端口2 (210bytes)
收到数据包: 端口2 (230bytes)
收到数据包: 端口4294967294 (110bytes)
收到数据包: 端口2 (110bytes)
收到数据包: 端口4294967294 (107bytes)
收到数据包: 端口1 (107bytes)
收到数据包: 端口1 (218bytes)
收到数据包: 端口4294967294 (90bytes)
收到数据包: 端口2 (90bytes)
收到数据包: 端口4294967294 (230bytes)
收到数据包: 端口4294967294 (210bytes)
收到数据包: 端口4294967294 (100bytes)
收到数据包: 端口2 (230bytes)
收到数据包: 端口2 (210bytes)
收到数据包: 端口2 (100bytes)
收到数据包: 端口2 (230bytes)
收到数据包: 端口4294967294 (230bytes)
收到数据包: 端口4294967294 (210bytes)
收到数据包: 端口4294967294 (100bytes)
收到数据包: 端口1 (230bytes)
收到数据包: 端口1 (210bytes)
收到数据包: 端口1 (100bytes)
收到数据包: 端口4294967294 (110bytes)
收到数据包: 端口1 (110bytes)
收到数据包: 端口1 (107bytes)
收到数据包: 端口4294967294 (90bytes)
收到数据包: 端口1 (90bytes)
收到数据包: 端口2 (110bytes)
收到数据包: 端口4294967294 (198bytes)
收到数据包: 端口4294967294 (218bytes)
收到数据包: 端口4294967294 (122bytes)
收到数据包: 端口2 (198bytes)
收到数据包: 端口2 (218bytes)
收到数据包: 端口4294967294 (122bytes)
收到数据包: 端口1 (122bytes)
收到数据包: 端口2 (122bytes)
收到数据包: 端口2 (230bytes)
收到数据包: 端口4294967294 (230bytes)
收到数据包: 端口4294967294 (210bytes)
收到数据包: 端口1 (230bytes)
收到数据包: 端口1 (210bytes)
收到数据包: 端口2 (90bytes)
收到数据包: 端口4294967294 (107bytes)
收到数据包: 端口2 (107bytes)
收到数据包: 端口2 (218bytes)
收到数据包: 端口4294967294 (230bytes)
收到数据包: 端口4294967294 (210bytes)
收到数据包: 端口4294967294 (100bytes)
收到数据包: 端口1 (230bytes)
收到数据包: 端口1 (210bytes)
收到数据包: 端口1 (100bytes)
收到数据包: 端口2 (107bytes)
收到数据包: 端口4294967294 (198bytes)
收到数据包: 端口4294967294 (218bytes)
收到数据包: 端口1 (198bytes)
收到数据包: 端口1 (218bytes)
收到数据包: 端口4294967294 (107bytes)
收到数据包: 端口1 (107bytes)
收到数据包: 端口4294967294 (87bytes)
收到数据包: 端口4294967294 (87bytes)
收到数据包: 端口2 (87bytes)
收到数据包: 端口1 (87bytes)
收到数据包: 端口1 (218bytes)
收到数据包: 端口4294967294 (198bytes)
收到数据包: 端口4294967294 (218bytes)
收到数据包: 端口2 (198bytes)
收到数据包: 端口2 (218bytes)
收到数据包: 端口2 (218bytes)
收到数据包: 端口4294967294 (198bytes)
收到数据包: 端口4294967294 (218bytes)
收到数据包: 端口1 (198bytes)
收到数据包: 端口1 (218bytes)
收到数据包: 端口1 (107bytes)
收到数据包: 端口4294967294 (107bytes)
收到数据包: 端口2 (107bytes)
收到数据包: 端口4294967294 (138bytes)
收到数据包: 端口4294967294 (138bytes)
收到数据包: 端口1 (138bytes)
收到数据包: 端口2 (138bytes)
收到数据包: 端口2 (107bytes)
收到数据包: 端口4294967294 (107bytes)
收到数据包: 端口1 (107bytes)
收到数据包: 端口1 (70bytes)
收到数据包: 端口2 (70bytes)
收到数据包: 端口1 (218bytes)
收到数据包: 端口4294967294 (70bytes)
收到数据包: 端口4294967294 (70bytes)
收到数据包: 端口1 (70bytes)
收到数据包: 端口2 (70bytes)
收到数据包: 端口4294967294 (198bytes)
收到数据包: 端口4294967294 (218bytes)
收到数据包: 端口2 (198bytes)
收到数据包: 端口2 (218bytes)
收到数据包: 端口2 (218bytes)
收到数据包: 端口4294967294 (198bytes)
收到数据包: 端口4294967294 (218bytes)
收到数据包: 端口1 (198bytes)
收到数据包: 端口1 (218bytes)
收到数据包: 端口4294967294 (87bytes)
收到数据包: 端口4294967294 (87bytes)
收到数据包: 端口1 (87bytes)
收到数据包: 端口2 (87bytes)
收到数据包: 端口1 (107bytes)
收到数据包: 端口4294967294 (107bytes)
收到数据包: 端口2 (107bytes)
收到数据包: 端口2 (107bytes)
收到数据包: 端口4294967294 (107bytes)
收到数据包: 端口1 (107bytes)
收到数据包: 端口4294967294 (70bytes)
收到数据包: 端口1 (70bytes)
收到数据包: 端口1 (70bytes)
收到数据包: 端口2 (70bytes)
收到数据包: 端口4294967294 (70bytes)
收到数据包: 端口2 (70bytes)
收到数据包: 端口4294967294 (87bytes)
收到数据包: 端口4294967294 (87bytes)
收到数据包: 端口2 (87bytes)
收到数据包: 端口1 (87bytes)
收到数据包: 端口1 (107bytes)
收到数据包: 端口4294967294 (107bytes)
收到数据包: 端口2 (107bytes)
收到数据包: 端口2 (107bytes)
收到数据包: 端口4294967294 (107bytes)
收到数据包: 端口1 (107bytes)
收到数据包: 端口4294967294 (70bytes)
收到数据包: 端口1 (70bytes)
收到数据包: 端口1 (70bytes)
收到数据包: 端口2 (70bytes)
收到数据包: 端口4294967294 (87bytes)
收到数据包: 端口4294967294 (87bytes)
收到数据包: 端口1 (87bytes)
收到数据包: 端口2 (87bytes)
收到数据包: 端口4294967294 (70bytes)
收到数据包: 端口2 (70bytes)
收到数据包: 端口1 (107bytes)
收到数据包: 端口4294967294 (107bytes)
收到数据包: 端口2 (107bytes)
收到数据包: 端口2 (107bytes)
收到数据包: 端口4294967294 (107bytes)
收到数据包: 端口1 (107bytes)
收到数据包: 端口4294967294 (70bytes)
收到数据包: 端口1 (70bytes)
收到数据包: 端口1 (70bytes)
收到数据包: 端口4294967294 (70bytes)
收到数据包: 端口2 (70bytes)
收到数据包: 端口4294967294 (87bytes)
收到数据包: 端口4294967294 (87bytes)
收到数据包: 端口1 (87bytes)
收到数据包: 端口2 (87bytes)
收到数据包: 端口1 (107bytes)
收到数据包: 端口4294967294 (107bytes)
收到数据包: 端口2 (107bytes)
收到数据包: 端口2 (107bytes)
收到数据包: 端口4294967294 (107bytes)
收到数据包: 端口1 (107bytes)
收到数据包: 端口2 (70bytes)
流表下发成功 - 优先级:0, 超时:0s, 端口:4294967293
流表下发成功 - 优先级:0, 超时:0s, 端口:4294967293
交换机 1 默认流表安装完成
流表下发成功 - 优先级:0, 超时:0s, 端口:4294967293
流表下发成功 - 优先级:0, 超时:0s, 端口:4294967293
交换机 2 默认流表安装完成
收到数据包: 端口4294967294 (90bytes)
收到数据包: 端口4294967294 (54bytes)
收到数据包: 端口4294967294 (90bytes)
收到数据包: 端口4294967294 (54bytes)
收到数据包: 端口1 (90bytes)
收到数据包: 端口1 (54bytes)
收到数据包: 端口2 (90bytes)
收到数据包: 端口2 (54bytes)
收到数据包: 端口2 (86bytes)
收到数据包: 端口4294967294 (87bytes)
收到数据包: 端口1 (87bytes)
收到数据包: 端口4294967294 (87bytes)
收到数据包: 端口2 (87bytes)
收到数据包: 端口4294967294 (150bytes)
收到数据包: 端口1 (150bytes)
收到数据包: 端口4294967294 (150bytes)
收到数据包: 端口2 (150bytes)
收到数据包: 端口1 (90bytes)
收到数据包: 端口4294967294 (86bytes)
收到数据包: 端口1 (86bytes)
收到数据包: 端口4294967294 (150bytes)
收到数据包: 端口1 (150bytes)
收到数据包: 端口4294967294 (150bytes)
收到数据包: 端口2 (150bytes)
收到数据包: 端口4294967294 (86bytes)
收到数据包: 端口2 (86bytes)
收到数据包: 端口1 (86bytes)
收到数据包: 端口4294967294 (90bytes)
收到数据包: 端口4294967294 (54bytes)
收到数据包: 端口2 (90bytes)
收到数据包: 端口2 (54bytes)
收到数据包: 端口4294967294 (150bytes)
收到数据包: 端口1 (150bytes)
收到数据包: 端口4294967294 (150bytes)
收到数据包: 端口2 (150bytes)
收到数据包: 端口4294967294 (90bytes)
收到数据包: 端口4294967294 (54bytes)
收到数据包: 端口2 (90bytes)
收到数据包: 端口1 (90bytes)
收到数据包: 端口1 (54bytes)
收到数据包: 端口4294967294 (138bytes)
收到数据包: 端口1 (138bytes)
收到数据包: 端口4294967294 (138bytes)
收到数据包: 端口2 (138bytes)
收到数据包: 端口4294967294 (87bytes)
收到数据包: 端口1 (87bytes)
收到数据包: 端口4294967294 (87bytes)
收到数据包: 端口2 (87bytes)
收到数据包: 端口2 (90bytes)
收到数据包: 端口2 (70bytes)
收到数据包: 端口2 (90bytes)
收到数据包: 端口2 (107bytes)
收到数据包: 端口2 (230bytes)
收到数据包: 端口4294967294 (90bytes)
收到数据包: 端口4294967294 (70bytes)
收到数据包: 端口1 (90bytes)
收到数据包: 端口1 (70bytes)
收到数据包: 端口4294967294 (90bytes)
收到数据包: 端口1 (90bytes)
收到数据包: 端口4294967294 (90bytes)
收到数据包: 端口4294967294 (70bytes)
收到数据包: 端口2 (90bytes)
收到数据包: 端口2 (70bytes)
收到数据包: 端口4294967294 (90bytes)
收到数据包: 端口2 (90bytes)
收到数据包: 端口4294967294 (107bytes)
收到数据包: 端口1 (107bytes)
收到数据包: 端口4294967294 (110bytes)
收到数据包: 端口2 (110bytes)
收到数据包: 端口4294967294 (230bytes)
收到数据包: 端口4294967294 (210bytes)
收到数据包: 端口4294967294 (100bytes)
收到数据包: 端口1 (230bytes)
收到数据包: 端口1 (210bytes)
收到数据包: 端口1 (100bytes)
收到数据包: 端口2 (230bytes)
收到数据包: 端口4294967294 (210bytes)
收到数据包: 端口4294967294 (230bytes)
收到数据包: 端口4294967294 (100bytes)
收到数据包: 端口2 (210bytes)
收到数据包: 端口2 (230bytes)
收到数据包: 端口2 (100bytes)
收到数据包: 端口1 (90bytes)
收到数据包: 端口1 (70bytes)
收到数据包: 端口4294967294 (110bytes)
收到数据包: 端口1 (110bytes)
收到数据包: 端口1 (90bytes)
收到数据包: 端口1 (110bytes)
收到数据包: 端口1 (107bytes)
收到数据包: 端口4294967294 (230bytes)
收到数据包: 端口4294967294 (210bytes)
收到数据包: 端口1 (230bytes)
收到数据包: 端口1 (210bytes)
收到数据包: 端口1 (230bytes)
收到数据包: 端口2 (230bytes)
收到数据包: 端口4294967294 (210bytes)
收到数据包: 端口4294967294 (230bytes)
收到数据包: 端口2 (210bytes)
收到数据包: 端口2 (230bytes)
收到数据包: 端口1 (90bytes)
收到数据包: 端口4294967294 (90bytes)
收到数据包: 端口2 (90bytes)
收到数据包: 端口4294967294 (122bytes)
收到数据包: 端口1 (122bytes)
收到数据包: 端口4294967294 (122bytes)
收到数据包: 端口2 (122bytes)
收到数据包: 端口4294967294 (230bytes)
收到数据包: 端口4294967294 (210bytes)
收到数据包: 端口4294967294 (100bytes)
收到数据包: 端口1 (230bytes)
收到数据包: 端口1 (210bytes)
收到数据包: 端口1 (100bytes)
收到数据包: 端口4294967294 (90bytes)
收到数据包: 端口2 (110bytes)
收到数据包: 端口1 (230bytes)
收到数据包: 端口1 (90bytes)
收到数据包: 端口2 (218bytes)
收到数据包: 端口4294967294 (210bytes)
收到数据包: 端口4294967294 (230bytes)
收到数据包: 端口4294967294 (100bytes)
收到数据包: 端口2 (210bytes)
收到数据包: 端口2 (230bytes)
收到数据包: 端口2 (100bytes)
收到数据包: 端口2 (90bytes)
收到数据包: 端口4294967294 (198bytes)
收到数据包: 端口4294967294 (218bytes)
收到数据包: 端口1 (198bytes)
收到数据包: 端口1 (218bytes)
收到数据包: 端口1 (230bytes)
收到数据包: 端口4294967294 (198bytes)
收到数据包: 端口4294967294 (218bytes)
收到数据包: 端口2 (198bytes)
收到数据包: 端口2 (218bytes)
收到数据包: 端口2 (107bytes)
收到数据包: 端口1 (218bytes)
收到数据包: 端口4294967294 (107bytes)
收到数据包: 端口2 (107bytes)
收到数据包: 端口1 (107bytes)
收到数据包: 端口2 (218bytes)
收到数据包: 端口4294967294 (87bytes)
收到数据包: 端口4294967294 (87bytes)
收到数据包: 端口2 (87bytes)
收到数据包: 端口1 (87bytes)
收到数据包: 端口4294967294 (198bytes)
收到数据包: 端口4294967294 (218bytes)
收到数据包: 端口1 (198bytes)
收到数据包: 端口1 (218bytes)
收到数据包: 端口4294967294 (198bytes)
收到数据包: 端口4294967294 (218bytes)
收到数据包: 端口2 (198bytes)
收到数据包: 端口2 (218bytes)
收到数据包: 端口1 (218bytes)
收到数据包: 端口4294967294 (138bytes)
收到数据包: 端口1 (138bytes)
收到数据包: 端口4294967294 (138bytes)
收到数据包: 端口2 (138bytes)
收到数据包: 端口2 (107bytes)
收到数据包: 端口4294967294 (107bytes)
收到数据包: 端口2 (107bytes)
收到数据包: 端口1 (107bytes)
收到数据包: 端口2 (70bytes)
收到数据包: 端口4294967294 (70bytes)
收到数据包: 端口2 (70bytes)
收到数据包: 端口2 (218bytes)
收到数据包: 端口4294967294 (70bytes)
收到数据包: 端口1 (70bytes)
收到数据包: 端口4294967294 (198bytes)
收到数据包: 端口4294967294 (218bytes)
收到数据包: 端口1 (198bytes)
收到数据包: 端口1 (218bytes)
收到数据包: 端口4294967294 (198bytes)
收到数据包: 端口4294967294 (218bytes)
收到数据包: 端口2 (198bytes)
收到数据包: 端口2 (218bytes)
收到数据包: 端口1 (218bytes)
收到数据包: 端口1 (70bytes)
收到数据包: 端口4294967294 (87bytes)
收到数据包: 端口4294967294 (87bytes)
收到数据包: 端口1 (87bytes)
收到数据包: 端口2 (87bytes)
收到数据包: 端口2 (107bytes)
收到数据包: 端口4294967294 (107bytes)
收到数据包: 端口2 (107bytes)
收到数据包: 端口1 (107bytes)
收到数据包: 端口4294967294 (70bytes)
收到数据包: 端口2 (70bytes)
收到数据包: 端口2 (70bytes)
收到数据包: 端口4294967294 (70bytes)
收到数据包: 端口1 (70bytes)
收到数据包: 端口1 (70bytes)
收到数据包: 端口4294967294 (87bytes)
收到数据包: 端口4294967294 (87bytes)
收到数据包: 端口1 (87bytes)
收到数据包: 端口2 (87bytes)
收到数据包: 端口2 (107bytes)
收到数据包: 端口4294967294 (107bytes)
收到数据包: 端口2 (107bytes)
收到数据包: 端口1 (107bytes)
收到数据包: 端口4294967294 (70bytes)
收到数据包: 端口2 (70bytes)
收到数据包: 端口2 (70bytes)
流表下发成功 - 优先级:0, 超时:0s, 端口:4294967293
流表下发成功 - 优先级:0, 超时:0s, 端口:4294967293
交换机 1 默认流表安装完成
流表下发成功 - 优先级:0, 超时:0s, 端口:4294967293
流表下发成功 - 优先级:0, 超时:0s, 端口:4294967293
交换机 2 默认流表安装完成
收到数据包: 端口4294967294 (90bytes)
收到数据包: 端口4294967294 (54bytes)
收到数据包: 端口4294967294 (90bytes)
收到数据包: 端口4294967294 (54bytes)
收到数据包: 端口1 (90bytes)
收到数据包: 端口1 (54bytes)
收到数据包: 端口2 (90bytes)
收到数据包: 端口2 (54bytes)
收到数据包: 端口4294967294 (150bytes)
收到数据包: 端口1 (150bytes)
收到数据包: 端口4294967294 (150bytes)
收到数据包: 端口2 (150bytes)
收到数据包: 端口4294967294 (87bytes)
收到数据包: 端口4294967294 (87bytes)
收到数据包: 端口1 (87bytes)
收到数据包: 端口2 (87bytes)
收到数据包: 端口1 (86bytes)
收到数据包: 端口1 (86bytes)
收到数据包: 端口3 (86bytes)
收到数据包: 端口2 (86bytes)
收到数据包: 端口1 (86bytes)
收到数据包: 端口1 (90bytes)
收到数据包: 端口1 (90bytes)
收到数据包: 端口3 (110bytes)
收到数据包: 端口2 (110bytes)
收到数据包: 端口4294967294 (150bytes)
收到数据包: 端口1 (150bytes)
收到数据包: 端口4294967294 (150bytes)
收到数据包: 端口2 (150bytes)
收到数据包: 端口2 (90bytes)
收到数据包: 端口2 (90bytes)
收到数据包: 端口2 (90bytes)
收到数据包: 端口3 (90bytes)
收到数据包: 端口2 (90bytes)
收到数据包: 端口4294967294 (86bytes)
收到数据包: 端口2 (86bytes)
收到数据包: 端口4294967294 (150bytes)
收到数据包: 端口1 (150bytes)
收到数据包: 端口4294967294 (150bytes)
收到数据包: 端口2 (150bytes)
收到数据包: 端口2 (90bytes)
收到数据包: 端口2 (90bytes)
收到数据包: 端口4294967294 (90bytes)
收到数据包: 端口4294967294 (54bytes)
收到数据包: 端口1 (90bytes)
收到数据包: 端口1 (54bytes)
收到数据包: 端口1 (90bytes)
收到数据包: 端口1 (90bytes)
收到数据包: 端口1 (90bytes)
收到数据包: 端口4294967294 (138bytes)
收到数据包: 端口4294967294 (138bytes)
收到数据包: 端口1 (138bytes)
收到数据包: 端口2 (138bytes)
收到数据包: 端口4294967294 (54bytes)
收到数据包: 端口2 (90bytes)
收到数据包: 端口2 (70bytes)
收到数据包: 端口2 (90bytes)
收到数据包: 端口2 (54bytes)
收到数据包: 端口2 (230bytes)
收到数据包: 端口2 (107bytes)
收到数据包: 端口4294967294 (90bytes)
收到数据包: 端口2 (90bytes)
收到数据包: 端口4294967294 (86bytes)
收到数据包: 端口1 (86bytes)
收到数据包: 端口4294967294 (87bytes)
收到数据包: 端口4294967294 (87bytes)
收到数据包: 端口1 (87bytes)
收到数据包: 端口2 (87bytes)
收到数据包: 端口2 (230bytes)
收到数据包: 端口3 (90bytes)
收到数据包: 端口1 (90bytes)
收到数据包: 端口1 (70bytes)
收到数据包: 端口1 (90bytes)
收到数据包: 端口2 (90bytes)
收到数据包: 端口2 (110bytes)
收到数据包: 端口1 (230bytes)
收到数据包: 端口1 (107bytes)
收到数据包: 端口2 (90bytes)
收到数据包: 端口2 (230bytes)
收到数据包: 端口1 (110bytes)
收到数据包: 端口4294967294 (90bytes)
收到数据包: 端口4294967294 (70bytes)
收到数据包: 端口4294967294 (90bytes)
收到数据包: 端口2 (90bytes)
收到数据包: 端口2 (70bytes)
收到数据包: 端口2 (90bytes)
收到数据包: 端口1 (230bytes)
收到数据包: 端口2 (218bytes)
收到数据包: 端口4294967294 (230bytes)
收到数据包: 端口4294967294 (210bytes)
收到数据包: 端口4294967294 (100bytes)
收到数据包: 端口2 (230bytes)
收到数据包: 端口2 (210bytes)
收到数据包: 端口2 (100bytes)
收到数据包: 端口4294967294 (107bytes)
收到数据包: 端口2 (107bytes)
收到数据包: 端口4294967294 (138bytes)
收到数据包: 端口4294967294 (122bytes)
收到数据包: 端口1 (138bytes)
收到数据包: 端口2 (122bytes)
收到数据包: 端口1 (230bytes)
收到数据包: 端口4294967294 (230bytes)
收到数据包: 端口4294967294 (210bytes)
收到数据包: 端口2 (230bytes)
收到数据包: 端口2 (210bytes)
收到数据包: 端口1 (90bytes)
收到数据包: 端口2 (107bytes)
收到数据包: 端口4294967294 (110bytes)
收到数据包: 端口2 (110bytes)
收到数据包: 端口4294967294 (90bytes)
收到数据包: 端口4294967294 (70bytes)
收到数据包: 端口1 (90bytes)
收到数据包: 端口1 (70bytes)
收到数据包: 端口4294967294 (90bytes)
收到数据包: 端口1 (90bytes)
收到数据包: 端口1 (218bytes)
收到数据包: 端口4294967294 (230bytes)
收到数据包: 端口4294967294 (210bytes)
收到数据包: 端口4294967294 (100bytes)
收到数据包: 端口2 (230bytes)
收到数据包: 端口2 (210bytes)
收到数据包: 端口2 (100bytes)
收到数据包: 端口4294967294 (230bytes)
收到数据包: 端口4294967294 (210bytes)
收到数据包: 端口1 (230bytes)
收到数据包: 端口1 (210bytes)
收到数据包: 端口4294967294 (107bytes)
收到数据包: 端口1 (107bytes)
收到数据包: 端口4294967294 (198bytes)
收到数据包: 端口4294967294 (218bytes)
收到数据包: 端口2 (198bytes)
收到数据包: 端口2 (218bytes)
收到数据包: 端口4294967294 (110bytes)
收到数据包: 端口1 (110bytes)
收到数据包: 端口1 (107bytes)
收到数据包: 端口4294967294 (230bytes)
收到数据包: 端口4294967294 (210bytes)
收到数据包: 端口4294967294 (100bytes)
收到数据包: 端口1 (230bytes)
收到数据包: 端口1 (210bytes)
收到数据包: 端口1 (100bytes)
收到数据包: 端口4294967294 (90bytes)
收到数据包: 端口2 (90bytes)
收到数据包: 端口4294967294 (230bytes)
收到数据包: 端口4294967294 (210bytes)
收到数据包: 端口4294967294 (107bytes)
收到数据包: 端口2 (107bytes)
收到数据包: 端口1 (230bytes)
收到数据包: 端口1 (210bytes)
收到数据包: 端口2 (218bytes)
收到数据包: 端口4294967294 (198bytes)
收到数据包: 端口4294967294 (218bytes)
收到数据包: 端口1 (198bytes)
收到数据包: 端口1 (218bytes)
收到数据包: 端口4294967294 (90bytes)
收到数据包: 端口1 (90bytes)
收到数据包: 端口1 (218bytes)
收到数据包: 端口4294967294 (87bytes)
收到数据包: 端口4294967294 (87bytes)
收到数据包: 端口1 (87bytes)
收到数据包: 端口2 (87bytes)
收到数据包: 端口4294967294 (107bytes)
收到数据包: 端口1 (107bytes)
收到数据包: 端口4294967294 (198bytes)
收到数据包: 端口4294967294 (218bytes)
收到数据包: 端口2 (198bytes)
收到数据包: 端口2 (218bytes)
收到数据包: 端口4294967294 (138bytes)
收到数据包: 端口4294967294 (138bytes)
收到数据包: 端口1 (138bytes)
收到数据包: 端口2 (138bytes)
收到数据包: 端口4294967294 (198bytes)
收到数据包: 端口4294967294 (218bytes)
收到数据包: 端口1 (198bytes)
收到数据包: 端口1 (218bytes)
收到数据包: 端口2 (107bytes)
收到数据包: 端口1 (107bytes)
收到数据包: 端口2 (70bytes)
收到数据包: 端口4294967294 (107bytes)
收到数据包: 端口2 (107bytes)
收到数据包: 端口2 (218bytes)
收到数据包: 端口1 (218bytes)
收到数据包: 端口4294967294 (107bytes)
收到数据包: 端口1 (107bytes)
收到数据包: 端口1 (70bytes)
收到数据包: 端口4294967294 (70bytes)
收到数据包: 端口2 (70bytes)
收到数据包: 端口4294967294 (198bytes)
收到数据包: 端口4294967294 (218bytes)
收到数据包: 端口2 (198bytes)
收到数据包: 端口2 (218bytes)
收到数据包: 端口4294967294 (198bytes)
收到数据包: 端口4294967294 (218bytes)
收到数据包: 端口1 (198bytes)
收到数据包: 端口1 (218bytes)
收到数据包: 端口4294967294 (70bytes)
收到数据包: 端口1 (70bytes)
收到数据包: 端口4294967294 (87bytes)
收到数据包: 端口4294967294 (87bytes)
收到数据包: 端口1 (87bytes)
收到数据包: 端口2 (87bytes)
收到数据包: 端口2 (107bytes)
收到数据包: 端口1 (107bytes)
收到数据包: 端口4294967294 (107bytes)
收到数据包: 端口2 (107bytes)
收到数据包: 端口4294967294 (107bytes)
收到数据包: 端口1 (107bytes)
收到数据包: 端口2 (70bytes)
收到数据包: 端口4294967294 (70bytes)
收到数据包: 端口2 (70bytes)
收到数据包: 端口1 (70bytes)
收到数据包: 端口4294967294 (70bytes)
收到数据包: 端口1 (70bytes)
收到数据包: 端口4294967294 (87bytes)
收到数据包: 端口4294967294 (87bytes)
收到数据包: 端口1 (87bytes)
收到数据包: 端口2 (87bytes)
收到数据包: 端口2 (107bytes)
收到数据包: 端口1 (107bytes)
收到数据包: 端口4294967294 (107bytes)
收到数据包: 端口2 (107bytes)
收到数据包: 端口4294967294 (107bytes)
收到数据包: 端口1 (107bytes)
收到数据包: 端口2 (70bytes)
收到数据包: 端口4294967294 (70bytes)
收到数据包: 端口2 (70bytes)
收到数据包: 端口1 (70bytes)
收到数据包: 端口4294967294 (87bytes)
收到数据包: 端口4294967294 (87bytes)
收到数据包: 端口2 (87bytes)
收到数据包: 端口1 (87bytes)
收到数据包: 端口4294967294 (70bytes)
收到数据包: 端口2 (107bytes)
收到数据包: 端口1 (70bytes)
收到数据包: 端口1 (107bytes)
收到数据包: 端口4294967294 (107bytes)
收到数据包: 端口2 (107bytes)
收到数据包: 端口4294967294 (107bytes)
收到数据包: 端口1 (107bytes)
收到数据包: 端口4294967294 (70bytes)
收到数据包: 端口2 (70bytes)
收到数据包: 端口2 (70bytes)
收到数据包: 端口4294967294 (87bytes)
收到数据包: 端口4294967294 (87bytes)
收到数据包: 端口1 (87bytes)
收到数据包: 端口2 (87bytes)
收到数据包: 端口2 (107bytes)
收到数据包: 端口1 (107bytes)
收到数据包: 端口4294967294 (107bytes)
收到数据包: 端口2 (107bytes)
收到数据包: 端口1 (70bytes)
收到数据包: 端口4294967294 (107bytes)
收到数据包: 端口1 (107bytes)
收到数据包: 端口4294967294 (70bytes)
收到数据包: 端口1 (70bytes)
收到数据包: 端口4294967294 (70bytes)
收到数据包: 端口2 (70bytes)
收到数据包: 端口2 (70bytes)
收到数据包: 端口4294967294 (87bytes)
收到数据包: 端口4294967294 (87bytes)
收到数据包: 端口2 (87bytes)
收到数据包: 端口1 (87bytes)
收到数据包: 端口2 (107bytes)
收到数据包: 端口1 (107bytes)
收到数据包: 端口4294967294 (107bytes)
收到数据包: 端口2 (107bytes)
收到数据包: 端口4294967294 (107bytes)
收到数据包: 端口1 (107bytes)
收到数据包: 端口1 (70bytes)
收到数据包: 端口4294967294 (70bytes)
收到数据包: 端口1 (70bytes)
收到数据包: 端口4294967294 (70bytes)
收到数据包: 端口2 (70bytes)
收到数据包: 端口2 (70bytes)
收到数据包: 端口4294967294 (87bytes)
收到数据包: 端口4294967294 (87bytes)
收到数据包: 端口2 (87bytes)
收到数据包: 端口1 (87bytes)
收到数据包: 端口2 (107bytes)
收到数据包: 端口1 (107bytes)
收到数据包: 端口4294967294 (107bytes)
收到数据包: 端口2 (107bytes)
收到数据包: 端口4294967294 (107bytes)
收到数据包: 端口1 (107bytes)
收到数据包: 端口1 (70bytes)
收到数据包: 端口4294967294 (70bytes)
收到数据包: 端口1 (70bytes)
收到数据包: 端口4294967294 (70bytes)
收到数据包: 端口2 (70bytes)
收到数据包: 端口2 (70bytes)
收到数据包: 端口4294967294 (87bytes)
收到数据包: 端口4294967294 (87bytes)
收到数据包: 端口2 (87bytes)
收到数据包: 端口1 (87bytes)
收到数据包: 端口2 (107bytes)
收到数据包: 端口1 (107bytes)
收到数据包: 端口4294967294 (107bytes)
收到数据包: 端口2 (107bytes)
收到数据包: 端口4294967294 (107bytes)
收到数据包: 端口1 (107bytes)
收到数据包: 端口1 (70bytes)
收到数据包: 端口4294967294 (70bytes)
收到数据包: 端口1 (70bytes)
收到数据包: 端口4294967294 (70bytes)
收到数据包: 端口2 (70bytes)
收到数据包: 端口4294967294 (218bytes)
收到数据包: 端口4294967294 (248bytes)
收到数据包: 端口2 (218bytes)
收到数据包: 端口4294967294 (218bytes)
收到数据包: 端口4294967294 (248bytes)
收到数据包: 端口1 (218bytes)
收到数据包: 端口1 (218bytes)
收到数据包: 端口1 (248bytes)
收到数据包: 端口2 (218bytes)
收到数据包: 端口2 (248bytes)
收到数据包: 端口4294967294 (54bytes)
收到数据包: 端口2 (90bytes)
收到数据包: 端口4294967294 (90bytes)
收到数据包: 端口4294967294 (54bytes)
收到数据包: 端口1 (90bytes)
收到数据包: 端口4294967294 (90bytes)
收到数据包: 端口1 (54bytes)
收到数据包: 端口1 (90bytes)
收到数据包: 端口2 (54bytes)
收到数据包: 端口2 (90bytes)
收到数据包: 端口4294967294 (54bytes)
收到数据包: 端口2 (54bytes)
收到数据包: 端口1 (90bytes)
收到数据包: 端口4294967294 (90bytes)
收到数据包: 端口2 (90bytes)
收到数据包: 端口4294967294 (90bytes)
收到数据包: 端口1 (90bytes)
收到数据包: 端口2 (90bytes)
收到数据包: 端口4294967294 (54bytes)
收到数据包: 端口1 (54bytes)
